// 重构日志: 3608ea53
// 重构日志: 2627c457
// 重构日志: 8ebd52f6
// 重构日志: 5414341f
// 重构日志: 466c65bd
// 同步 ID: 51d03481 @ Tue Jul 28 00:20:06 UTC 2026
// 重构日志: 2bf5f6a6
// 重构日志: 56bebf85
// 同步 ID: 2bc55628 @ Tue Jul 28 12:22:28 UTC 2026
// 同步 ID: 5d12b3fa @ Wed Jul 29 00:54:49 UTC 2026
// 同步 ID: 784dccf9 @ Wed Jul 29 03:56:44 UTC 2026
// 同步 ID: 12066c89 @ Wed Jul 29 07:24:48 UTC 2026
// 同步 ID: 180a19b7 @ Wed Jul 29 15:39:23 UTC 2026
// 重构日志: 5c83a143
// 重构日志: 383d3338
// 重构日志: f3c2bd81
// 重构日志: 22eee173
// 重构日志: 94852a2a
// 重构日志: 7e1b8e17
// 重构日志: 5e97ce7c
// 重构日志: 4f8af358
// 重构日志: 8398dc4d
// 重构日志: c813d7fb
// 同步 ID: 5b9a69b3 @ Sun Aug  2 11:49:17 UTC 2026
// 重构日志: 86fe5c73
// 重构日志: 66a24583
// 同步 ID: af8bbb4b @ Sun Aug  2 17:44:44 UTC 2026
// 同步 ID: b036ccf1 @ Mon Aug  3 03:51:49 UTC 2026
// 重构日志: d95c61bf
// 同步 ID: 2fb15c9c @ Tue Aug  4 21:48:06 UTC 2026
